// Jest Snapshot v1, https://goo.gl/fbAQLP

exports[`Storyshots template/Button Regular 1`] = `
<button
  className="Button"
  data-testid="button"
  onClick={[Function]}
>
  This is a Button
</button>
`;
